#-----------------------------------------------------------
# Vivado v2025.2 (64-bit)
# SW Build 6299465 on Fri Nov 14 19:35:11 GMT 2025
# IP Build 6300035 on Fri Nov 14 10:48:45 MST 2025
# SharedData Build 6298862 on Thu Nov 13 04:50:51 MST 2025
# Start of session at: Tue Jan 20 21:16:45 2026
# Process ID         : 6612
# Current directory  : C:/Users/Rajeet013/ALU/ALU.runs/synth_1
# Command line       : vivado.exe -log ALU_tb.vds -product Vivado -mode batch -messageDb vivado.pb -notrace -source ALU_tb.tcl
# Log file           : C:/Users/Rajeet013/ALU/ALU.runs/synth_1/ALU_tb.vds
# Journal file       : C:/Users/Rajeet013/ALU/ALU.runs/synth_1\vivado.jou
# Running On         : DESKTOP-RNSTHJ2
# Platform           : Windows Server 2016 or Windows 10
# Operating System   : 26100
# Processor Detail   : 12th Gen Intel(R) Core(TM) i5-12400
# CPU Frequency      : 2496 MHz
# CPU Physical cores : 6
# CPU Logical cores  : 12
# Host memory        : 16942 MB
# Swap memory        : 15032 MB
# Total Virtual      : 31975 MB
# Available Virtual  : 8520 MB
#-----------------------------------------------------------
source ALU_tb.tcl -notrace
