#-----------------------------------------------------------
# Vivado v2025.2 (64-bit)
# SW Build 6299465 on Fri Nov 14 19:35:11 GMT 2025
# IP Build 6300035 on Fri Nov 14 10:48:45 MST 2025
# SharedData Build 6298862 on Thu Nov 13 04:50:51 MST 2025
# Start of session at: Sat Jan 17 23:57:51 2026
# Process ID         : 14716
# Current directory  : C:/Users/Rajeet013/4x1_mux/4x1_mux.runs/impl_1
# Command line       : vivado.exe -log mux4x1_tb.vdi -applog -product Vivado -messageDb vivado.pb -mode batch -source mux4x1_tb.tcl -notrace
# Log file           : C:/Users/Rajeet013/4x1_mux/4x1_mux.runs/impl_1/mux4x1_tb.vdi
# Journal file       : C:/Users/Rajeet013/4x1_mux/4x1_mux.runs/impl_1\vivado.jou
# Running On         : DESKTOP-RNSTHJ2
# Platform           : Windows Server 2016 or Windows 10
# Operating System   : 26100
# Processor Detail   : 12th Gen Intel(R) Core(TM) i5-12400
# CPU Frequency      : 2496 MHz
# CPU Physical cores : 6
# CPU Logical cores  : 12
# Host memory        : 16942 MB
# Swap memory        : 15032 MB
# Total Virtual      : 31975 MB
# Available Virtual  : 9184 MB
#-----------------------------------------------------------
source mux4x1_tb.tcl -notrace
